// Jest Snapshot v1, https://goo.gl/fbAQLP

exports[`AppFooter.vue renders correct Pug in footer layout 1`] = `
<footer class="footer">
  <div class="container footer__container">
    <div class="footer__logo">
      <!---->
    </div>
    <div class="footer__copyright">
      <!---->
    </div>
  </div>
</footer>
`;
